// Jest Snapshot v1, https://goo.gl/fbAQLP

exports[`Example/Button Large smoke-test 1`] = `
<div>
  <canvas width="533"
          height="400"
          style="width: 533.333px; height: 400px;"
  >
  </canvas>
</div>
`;

exports[`Example/Button Large smoke-test 2`] = `
<div>
  <canvas width="533"
          height="400"
          style="width: 533.333px; height: 400px;"
  >
  </canvas>
</div>
`;

exports[`Example/Button Primary smoke-test 1`] = `
<div>
  <canvas width="533"
          height="400"
          style="width: 533.333px; height: 400px;"
  >
  </canvas>
</div>
`;

exports[`Example/Button Primary smoke-test 2`] = `
<div>
  <canvas width="533"
          height="400"
          style="width: 533.333px; height: 400px;"
  >
  </canvas>
</div>
`;

exports[`Example/Button Secondary smoke-test 1`] = `
<div>
  <canvas width="533"
          height="400"
          style="width: 533.333px; height: 400px;"
  >
  </canvas>
</div>
`;

exports[`Example/Button Secondary smoke-test 2`] = `
<div>
  <canvas width="533"
          height="400"
          style="width: 533.333px; height: 400px;"
  >
  </canvas>
</div>
`;

exports[`Example/Button Small smoke-test 1`] = `
<div>
  <canvas width="533"
          height="400"
          style="width: 533.333px; height: 400px;"
  >
  </canvas>
</div>
`;

exports[`Example/Button Small smoke-test 2`] = `
<div>
  <canvas width="533"
          height="400"
          style="width: 533.333px; height: 400px;"
  >
  </canvas>
</div>
`;
